// Jest Snapshot v1, https://goo.gl/fbAQLP

exports[`test getAllCouplings from CCC 1`] = `
Array [
  Object {
    "code": "fH@Ok@",
    "fromDiaID": "gC\`HALiKT@RHDRj@",
    "fromLabel": "H",
    "fromTo": Array [
      Array [
        3,
        4,
      ],
      Array [
        3,
        5,
      ],
      Array [
        4,
        3,
      ],
      Array [
        4,
        5,
      ],
      Array [
        5,
        3,
      ],
      Array [
        5,
        4,
      ],
      Array [
        8,
        9,
      ],
      Array [
        8,
        10,
      ],
      Array [
        9,
        8,
      ],
      Array [
        9,
        10,
      ],
      Array [
        10,
        8,
      ],
      Array [
        10,
        9,
      ],
    ],
    "info": Array [
      Object {
        "atoms": Array [
          3,
          2,
          4,
        ],
        "torsion": undefined,
      },
      Object {
        "atoms": Array [
          3,
          2,
          5,
        ],
        "torsion": undefined,
      },
      Object {
        "atoms": Array [
          4,
          2,
          3,
        ],
        "torsion": undefined,
      },
      Object {
        "atoms": Array [
          4,
          2,
          5,
        ],
        "torsion": undefined,
      },
      Object {
        "atoms": Array [
          5,
          2,
          3,
        ],
        "torsion": undefined,
      },
      Object {
        "atoms": Array [
          5,
          2,
          4,
        ],
        "torsion": undefined,
      },
      Object {
        "atoms": Array [
          8,
          0,
          9,
        ],
        "torsion": undefined,
      },
      Object {
        "atoms": Array [
          8,
          0,
          10,
        ],
        "torsion": undefined,
      },
      Object {
        "atoms": Array [
          9,
          0,
          8,
        ],
        "torsion": undefined,
      },
      Object {
        "atoms": Array [
          9,
          0,
          10,
        ],
        "torsion": undefined,
      },
      Object {
        "atoms": Array [
          10,
          0,
          8,
        ],
        "torsion": undefined,
      },
      Object {
        "atoms": Array [
          10,
          0,
          9,
        ],
        "torsion": undefined,
      },
    ],
    "pathLength": 2,
    "toDiaID": "gC\`HALiKT@RHDRj@",
    "toLabel": "H",
  },
  Object {
    "code": "eF@Hp_IE@",
    "fromDiaID": "gC\`HALiKT@RHDRj@",
    "fromLabel": "H",
    "fromTo": Array [
      Array [
        3,
        6,
      ],
      Array [
        3,
        7,
      ],
      Array [
        4,
        6,
      ],
      Array [
        4,
        7,
      ],
      Array [
        5,
        6,
      ],
      Array [
        5,
        7,
      ],
      Array [
        8,
        6,
      ],
      Array [
        8,
        7,
      ],
      Array [
        9,
        6,
      ],
      Array [
        9,
        7,
      ],
      Array [
        10,
        6,
      ],
      Array [
        10,
        7,
      ],
    ],
    "info": Array [
      Object {
        "atoms": Array [
          3,
          2,
          1,
          6,
        ],
        "torsion": -1.0444725145366742,
      },
      Object {
        "atoms": Array [
          3,
          2,
          1,
          7,
        ],
        "torsion": 1.0442910348920351,
      },
      Object {
        "atoms": Array [
          4,
          2,
          1,
          6,
        ],
        "torsion": -3.1378383810878643,
      },
      Object {
        "atoms": Array [
          4,
          2,
          1,
          7,
        ],
        "torsion": -1.0490748316591552,
      },
      Object {
        "atoms": Array [
          5,
          2,
          1,
          6,
        ],
        "torsion": 1.0491888452455438,
      },
      Object {
        "atoms": Array [
          5,
          2,
          1,
          7,
        ],
        "torsion": 3.137952394674253,
      },
      Object {
        "atoms": Array [
          8,
          0,
          1,
          6,
        ],
        "torsion": 1.0443616068994523,
      },
      Object {
        "atoms": Array [
          8,
          0,
          1,
          7,
        ],
        "torsion": -1.0444007904007009,
      },
      Object {
        "atoms": Array [
          9,
          0,
          1,
          6,
        ],
        "torsion": -1.0491445638129124,
      },
      Object {
        "atoms": Array [
          9,
          0,
          1,
          7,
        ],
        "torsion": -3.1379069611130657,
      },
      Object {
        "atoms": Array [
          10,
          0,
          1,
          6,
        ],
        "torsion": 3.1377997262676036,
      },
      Object {
        "atoms": Array [
          10,
          0,
          1,
          7,
        ],
        "torsion": 1.0490373289674506,
      },
    ],
    "pathLength": 3,
    "toDiaID": "gC\`HALiMT@RHDRj@",
    "toLabel": "H",
  },
  Object {
    "code": "eM@HzCyhX@",
    "fromDiaID": "gC\`HALiKT@RHDRj@",
    "fromLabel": "H",
    "fromTo": Array [
      Array [
        3,
        8,
      ],
      Array [
        3,
        9,
      ],
      Array [
        3,
        10,
      ],
      Array [
        4,
        8,
      ],
      Array [
        4,
        9,
      ],
      Array [
        4,
        10,
      ],
      Array [
        5,
        8,
      ],
      Array [
        5,
        9,
      ],
      Array [
        5,
        10,
      ],
      Array [
        8,
        3,
      ],
      Array [
        8,
        4,
      ],
      Array [
        8,
        5,
      ],
      Array [
        9,
        3,
      ],
      Array [
        9,
        4,
      ],
      Array [
        9,
        5,
      ],
      Array [
        10,
        3,
      ],
      Array [
        10,
        4,
      ],
      Array [
        10,
        5,
      ],
    ],
    "info": Array [
      Object {
        "atoms": Array [
          3,
          2,
          1,
          0,
          8,
        ],
        "torsion": undefined,
      },
      Object {
        "atoms": Array [
          3,
          2,
          1,
          0,
          9,
        ],
        "torsion": undefined,
      },
      Object {
        "atoms": Array [
          3,
          2,
          1,
          0,
          10,
        ],
        "torsion": undefined,
      },
      Object {
        "atoms": Array [
          4,
          2,
          1,
          0,
          8,
        ],
        "torsion": undefined,
      },
      Object {
        "atoms": Array [
          4,
          2,
          1,
          0,
          9,
        ],
        "torsion": undefined,
      },
      Object {
        "atoms": Array [
          4,
          2,
          1,
          0,
          10,
        ],
        "torsion": undefined,
      },
      Object {
        "atoms": Array [
          5,
          2,
          1,
          0,
          8,
        ],
        "torsion": undefined,
      },
      Object {
        "atoms": Array [
          5,
          2,
          1,
          0,
          9,
        ],
        "torsion": undefined,
      },
      Object {
        "atoms": Array [
          5,
          2,
          1,
          0,
          10,
        ],
        "torsion": undefined,
      },
      Object {
        "atoms": Array [
          8,
          0,
          1,
          2,
          3,
        ],
        "torsion": undefined,
      },
      Object {
        "atoms": Array [
          8,
          0,
          1,
          2,
          4,
        ],
        "torsion": undefined,
      },
      Object {
        "atoms": Array [
          8,
          0,
          1,
          2,
          5,
        ],
        "torsion": undefined,
      },
      Object {
        "atoms": Array [
          9,
          0,
          1,
          2,
          3,
        ],
        "torsion": undefined,
      },
      Object {
        "atoms": Array [
          9,
          0,
          1,
          2,
          4,
        ],
        "torsion": undefined,
      },
      Object {
        "atoms": Array [
          9,
          0,
          1,
          2,
          5,
        ],
        "torsion": undefined,
      },
      Object {
        "atoms": Array [
          10,
          0,
          1,
          2,
          3,
        ],
        "torsion": undefined,
      },
      Object {
        "atoms": Array [
          10,
          0,
          1,
          2,
          4,
        ],
        "torsion": undefined,
      },
      Object {
        "atoms": Array [
          10,
          0,
          1,
          2,
          5,
        ],
        "torsion": undefined,
      },
    ],
    "pathLength": 4,
    "toDiaID": "gC\`HALiKT@RHDRj@",
    "toLabel": "H",
  },
  Object {
    "code": "eF@Hp_IE@",
    "fromDiaID": "gC\`HALiMT@RHDRj@",
    "fromLabel": "H",
    "fromTo": Array [
      Array [
        6,
        3,
      ],
      Array [
        6,
        4,
      ],
      Array [
        6,
        5,
      ],
      Array [
        6,
        8,
      ],
      Array [
        6,
        9,
      ],
      Array [
        6,
        10,
      ],
      Array [
        7,
        3,
      ],
      Array [
        7,
        4,
      ],
      Array [
        7,
        5,
      ],
      Array [
        7,
        8,
      ],
      Array [
        7,
        9,
      ],
      Array [
        7,
        10,
      ],
    ],
    "info": Array [
      Object {
        "atoms": Array [
          6,
          1,
          2,
          3,
        ],
        "torsion": -1.0444725145366742,
      },
      Object {
        "atoms": Array [
          6,
          1,
          2,
          4,
        ],
        "torsion": -3.1378383810878643,
      },
      Object {
        "atoms": Array [
          6,
          1,
          2,
          5,
        ],
        "torsion": 1.0491888452455438,
      },
      Object {
        "atoms": Array [
          6,
          1,
          0,
          8,
        ],
        "torsion": 1.0443616068994523,
      },
      Object {
        "atoms": Array [
          6,
          1,
          0,
          9,
        ],
        "torsion": -1.0491445638129124,
      },
      Object {
        "atoms": Array [
          6,
          1,
          0,
          10,
        ],
        "torsion": 3.1377997262676036,
      },
      Object {
        "atoms": Array [
          7,
          1,
          2,
          3,
        ],
        "torsion": 1.0442910348920353,
      },
      Object {
        "atoms": Array [
          7,
          1,
          2,
          4,
        ],
        "torsion": -1.0490748316591552,
      },
      Object {
        "atoms": Array [
          7,
          1,
          2,
          5,
        ],
        "torsion": 3.137952394674253,
      },
      Object {
        "atoms": Array [
          7,
          1,
          0,
          8,
        ],
        "torsion": -1.0444007904007009,
      },
      Object {
        "atoms": Array [
          7,
          1,
          0,
          9,
        ],
        "torsion": -3.1379069611130657,
      },
      Object {
        "atoms": Array [
          7,
          1,
          0,
          10,
        ],
        "torsion": 1.0490373289674506,
      },
    ],
    "pathLength": 3,
    "toDiaID": "gC\`HALiKT@RHDRj@",
    "toLabel": "H",
  },
  Object {
    "code": "fH@Ok@",
    "fromDiaID": "gC\`HALiMT@RHDRj@",
    "fromLabel": "H",
    "fromTo": Array [
      Array [
        6,
        7,
      ],
      Array [
        7,
        6,
      ],
    ],
    "info": Array [
      Object {
        "atoms": Array [
          6,
          1,
          7,
        ],
        "torsion": undefined,
      },
      Object {
        "atoms": Array [
          7,
          1,
          6,
        ],
        "torsion": undefined,
      },
    ],
    "pathLength": 2,
    "toDiaID": "gC\`HALiMT@RHDRj@",
    "toLabel": "H",
  },
]
`;
